/epoc32/release/winscw/udeb/epoc.exe
/epoc32/release/winscw/urel/epoc.exe
/epoc32/release/winscw/urel/sensorserver.exe
/epoc32/release/winscw/urel/sensorserver.exe.map
/epoc32/release/winscw/udeb/sensorserver.exe
/epoc32/release/winscw/urel/wserv_nga.exe
/epoc32/release/winscw/urel/wserv_nga.exe.map
/epoc32/release/winscw/udeb/wserv_nga.exe
/sf/os/devicesrv/sensorservices/sensorserver/src/server/sensrvpluginproxy.cpp
/epoc32/release/winscw/urel/z/resource/fonts/DejaVuSans-Bold.ttf
/epoc32/release/winscw/urel/z/resource/fonts/DejaVuSans-BoldOblique.ttf
/epoc32/release/winscw/urel/z/resource/fonts/DejaVuSans-ExtraLight.ttf
/epoc32/release/winscw/urel/z/resource/fonts/DejaVuSans-Oblique.ttf
/epoc32/release/winscw/urel/z/resource/fonts/DejaVuSans.ttf
/epoc32/release/winscw/urel/z/resource/fonts/DejaVuSansCondensed-Bold.ttf
/epoc32/release/winscw/urel/z/resource/fonts/DejaVuSansCondensed-BoldOblique.ttf
/epoc32/release/winscw/urel/z/resource/fonts/DejaVuSansCondensed-Oblique.ttf
/epoc32/release/winscw/urel/z/resource/fonts/DejaVuSansCondensed.ttf
/epoc32/release/winscw/urel/z/resource/fonts/DejaVuSansMono-Bold.ttf
/epoc32/release/winscw/urel/z/resource/fonts/DejaVuSansMono-BoldOblique.ttf
/epoc32/release/winscw/urel/z/resource/fonts/DejaVuSansMono-Oblique.ttf
/epoc32/release/winscw/urel/z/resource/fonts/DejaVuSansMono.ttf
/epoc32/release/winscw/urel/z/resource/fonts/DejaVuSerif-Bold.ttf
/epoc32/release/winscw/urel/z/resource/fonts/DejaVuSerif-BoldItalic.ttf
/epoc32/release/winscw/urel/z/resource/fonts/DejaVuSerif-Italic.ttf
/epoc32/release/winscw/urel/z/resource/fonts/DejaVuSerif.ttf
/epoc32/release/winscw/urel/z/resource/fonts/DejaVuSerifCondensed-Bold.ttf
/epoc32/release/winscw/urel/z/resource/fonts/DejaVuSerifCondensed-BoldItalic.ttf
/epoc32/release/winscw/urel/z/resource/fonts/DejaVuSerifCondensed-Italic.ttf
/epoc32/release/winscw/urel/z/resource/fonts/DejaVuSerifCondensed.ttf
/epoc32/release/winscw/urel/z/resource/fonts/eon14.gdr
/epoc32/release/winscw/urel/z/resource/fonts/HeiseiGothS60.ttf
/epoc32/release/winscw/urel/z/resource/fonts/MYuppyGB-Medium.ttf
/epoc32/release/winscw/urel/z/resource/fonts/S60SC.ccc
/epoc32/release/winscw/urel/z/resource/fonts/S60SC_C.ttf
/epoc32/release/winscw/urel/z/resource/fonts/S60TCHK.ccc
/epoc32/release/winscw/urel/z/resource/fonts/S60TCHK_C.ttf
/epoc32/release/winscw/urel/z/resource/fonts/Series60Korean.ttf
/epoc32/release/winscw/udeb/z/resource/fonts/DejaVuSans-Bold.ttf
/epoc32/release/winscw/udeb/z/resource/fonts/DejaVuSans-BoldOblique.ttf
/epoc32/release/winscw/udeb/z/resource/fonts/DejaVuSans-ExtraLight.ttf
/epoc32/release/winscw/udeb/z/resource/fonts/DejaVuSans-Oblique.ttf
/epoc32/release/winscw/udeb/z/resource/fonts/DejaVuSans.ttf
/epoc32/release/winscw/udeb/z/resource/fonts/DejaVuSansCondensed-Bold.ttf
/epoc32/release/winscw/udeb/z/resource/fonts/DejaVuSansCondensed-BoldOblique.ttf
/epoc32/release/winscw/udeb/z/resource/fonts/DejaVuSansCondensed-Oblique.ttf
/epoc32/release/winscw/udeb/z/resource/fonts/DejaVuSansCondensed.ttf
/epoc32/release/winscw/udeb/z/resource/fonts/DejaVuSansMono-Bold.ttf
/epoc32/release/winscw/udeb/z/resource/fonts/DejaVuSansMono-BoldOblique.ttf
/epoc32/release/winscw/udeb/z/resource/fonts/DejaVuSansMono-Oblique.ttf
/epoc32/release/winscw/udeb/z/resource/fonts/DejaVuSansMono.ttf
/epoc32/release/winscw/udeb/z/resource/fonts/DejaVuSerif-Bold.ttf
/epoc32/release/winscw/udeb/z/resource/fonts/DejaVuSerif-BoldItalic.ttf
/epoc32/release/winscw/udeb/z/resource/fonts/DejaVuSerif-Italic.ttf
/epoc32/release/winscw/udeb/z/resource/fonts/DejaVuSerif.ttf
/epoc32/release/winscw/udeb/z/resource/fonts/DejaVuSerifCondensed-Bold.ttf
/epoc32/release/winscw/udeb/z/resource/fonts/DejaVuSerifCondensed-BoldItalic.ttf
/epoc32/release/winscw/udeb/z/resource/fonts/DejaVuSerifCondensed-Italic.ttf
/epoc32/release/winscw/udeb/z/resource/fonts/DejaVuSerifCondensed.ttf
/epoc32/release/winscw/udeb/z/resource/fonts/eon14.gdr
/epoc32/release/winscw/udeb/z/resource/fonts/HeiseiGothS60.ttf
/epoc32/release/winscw/udeb/z/resource/fonts/MYuppyGB-Medium.ttf
/epoc32/release/winscw/udeb/z/resource/fonts/S60SC.ccc
/epoc32/release/winscw/udeb/z/resource/fonts/S60SC_C.ttf
/epoc32/release/winscw/udeb/z/resource/fonts/S60TCHK.ccc
/epoc32/release/winscw/udeb/z/resource/fonts/S60TCHK_C.ttf
/epoc32/release/winscw/udeb/z/resource/fonts/Series60Korean.ttf

